// Jest Snapshot v1, https://goo.gl/fbAQLP

exports[`should render FilterBar correctly 1`] = `
<styled.div>
  <h4>
    Filter your movies
  </h4>
  <FilterBarItem
    genre="genreOne"
    key="0"
  />
  <FilterBarItem
    genre="genreTwo"
    key="1"
  />
  <div>
    <styled.button>
      Reset
    </styled.button>
  </div>
</styled.div>
`;
