// Jest Snapshot v1, https://goo.gl/fbAQLP

exports[`should render Movieform correctly 1`] = `
<styled.form>
  <h4>
    Create a movie
  </h4>
  <styled.div>
    <label
      htmlFor="movieName"
    >
      Movie name
    </label>
    <styled.input
      onChange={[Function]}
      type="text"
    />
  </styled.div>
  <styled.div>
    <label
      htmlFor="movieGenres"
    >
      Movie genres
    </label>
    <styled.input
      onChange={[Function]}
      type="text"
    />
    <styled.button>
      Add a movie
    </styled.button>
  </styled.div>
</styled.form>
`;
